// Jest Snapshot v1, https://goo.gl/fbAQLP

exports[`Snapshot Testing Renders "Hello, World!" 1`] = `
<div>
  Hello, World!
</div>
`;
